~ ~ ~s~ ~s~ ~ 
~ +S+n+s+n+s~ 
~ ~x~ ~n~ ~n~ 

~ ~ ~ ~ ~s~ ~ 
~ +E+x+s+n+s~ 
~ ~ ~ ~n~ ~n~ 

~ ~ ~ ~ ~ ~s~ 
~ + +E+x+s+n~ 
~ ~ ~ ~ ~n~ ~ 

~ ~ ~ ~ ~ ~ ~ 
~ + + +E+x+s~ 
~ ~ ~ ~ ~ ~n~ 

