~ ~ ~ ~ ~ ~ ~ 
~ + + +s# + ~ 
~ +E+x+n# + ~ 
~ ~ ~ ~ ~ ~ ~ 

~ ~ ~ ~ ~ ~ ~ 
~ + + + #s+ ~ 
~ + +E+x#n+ ~ 
~ ~ ~ ~ ~ ~ ~ 

~ ~ ~ ~ ~ ~ ~ 
~ + + + # +3~ 
~ + + +E#x+1~ 
~ ~ ~ ~ ~ ~ ~ 

