~ ~ ~ ~ ~ ~ ~ ~ ~ 
~ + + +s# + # + ~ 
~ +E+x+n+ + + + ~ 
~ ~ ~ ~ ~ ~ ~ ~ ~ 

~ ~ ~ ~ ~ ~ ~ ~ ~ 
~ + + + #s+ # + ~ 
~ + +E+x+n+ + + ~ 
~ ~ ~ ~ ~ ~ ~ ~ ~ 

~ ~ ~ ~ ~ ~ ~ ~ ~ 
~ + + + # +3# + ~ 
~ + + +E+x+n+ + ~ 
~ ~ ~ ~ ~ ~ ~ ~ ~ 

~ ~ ~ ~ ~ ~ ~ ~ ~ 
~ + + + # + #s+ ~ 
~ + + + +E+x+n+ ~ 
~ ~ ~ ~ ~ ~ ~ ~ ~ 

~ ~ ~ ~ ~ ~ ~ ~ ~ 
~ + + + # + # +c~ 
~ + + + + +E+x+n~ 
~ ~ ~ ~ ~ ~ ~ ~ ~ 

