~ ~ ~ ~ ~ ~ ~ 
~ + +s+b+d+x~ 
~ + +n+ + +N~ 
~ ~ ~ ~ ~ ~ ~ 

~ ~ ~ ~ ~ ~ ~ 
~ +s+b+d+ + ~ 
~ +n+ + +x+W~ 
~ ~ ~ ~ ~ ~ ~ 

