~ ~ ~ ~ 
~ +s+E~x
~ ~n~ ~ 

~ ~ ~ ~ 
~ +s+E~x
~ ~n~ ~ 

