~ ~ ~ ~ ~ ~ 
~ + # # +s~ 
~ + # # +n~ 
~ + + + +E~x
~ ~ ~ ~ ~ ~ 

~ ~ ~ ~ ~ ~ 
~ + # #s+ ~ 
~ + # #n+x~ 
~ + + + +N~ 
~ ~ ~ ~ ~ ~ 

~ ~ ~ ~ ~ ~ 
~ + #1# + ~ 
~ + #3# + ~ 
~ + + +x+W~ 
~ ~ ~ ~ ~ ~ 

~ ~ ~ ~ ~ ~ 
~ + #1# + ~ 
~ + #3# +x~ 
~ + + + +N~ 
~ ~ ~ ~ ~ ~ 

~ ~ ~ ~ ~ ~ 
~ + #1# + ~ 
~ + #3# + ~ 
~ + + + +E~x
~ ~ ~ ~ ~ ~ 

~ ~ ~ ~ ~ ~ 
~ + #1# + ~ 
~ + #3# + ~ 
~ + + +E+x~ 
~ ~ ~ ~ ~ ~ 

~ ~ ~ ~ ~ ~ 
~ + #1# + ~ 
~ + #3#x+ ~ 
~ + + +N+ ~ 
~ ~ ~ ~ ~ ~ 

Opgelost!

